2025/02/18 10:53:24 main.go:61: Starting launcher application...
2025/02/18 10:53:24 main.go:70: Command line arguments: install=true, uninstall=false, uri=, debug=false
2025/02/18 10:53:24 main.go:73: Installing URI handler...
2025/02/18 10:53:24 main.go:77: URI handler installed successfully!
2025/02/18 10:55:57 main.go:61: Starting launcher application...
2025/02/18 10:55:57 main.go:70: Command line arguments: install=true, uninstall=false, uri=, debug=true
2025/02/18 10:55:57 main.go:73: Installing URI handler...
2025/02/18 10:55:57 main.go:77: URI handler installed successfully!
2025/02/18 10:56:28 main.go:61: Starting launcher application...
2025/02/18 10:56:28 main.go:70: Command line arguments: install=false, uninstall=false, uri=launcher://notepad?url=https://raw.githubusercontent.com/golang/go/master/README.md, debug=true
2025/02/18 10:56:28 main.go:85: Handling URI: launcher://notepad?url=https://raw.githubusercontent.com/golang/go/master/README.md
2025/02/18 10:56:28 main.go:107: Parsing URI: launcher://notepad?url=https://raw.githubusercontent.com/golang/go/master/README.md
2025/02/18 10:56:28 main.go:119: Application: notepad, URL: https://raw.githubusercontent.com/golang/go/master/README.md
2025/02/18 10:56:28 main.go:126: Downloading file...
2025/02/18 10:56:29 main.go:131: File downloaded to: C:\Users\ASUS\AppData\Local\Temp\launcher-867809150.md
2025/02/18 10:56:29 main.go:139: Launching application: notepad
2025/02/18 10:56:29 main.go:134: Cleaning up temporary file: C:\Users\ASUS\AppData\Local\Temp\launcher-867809150.md
2025/02/18 10:56:29 main.go:94: URI handled successfully!
2025/02/18 10:58:39 main.go:61: Starting launcher application...
2025/02/18 10:58:39 main.go:70: Command line arguments: install=false, uninstall=false, uri=, debug=false
2025/02/18 10:58:39 main.go:96: No valid command specified
2025/02/18 10:59:44 main.go:61: Starting launcher application...
2025/02/18 10:59:44 main.go:70: Command line arguments: install=false, uninstall=false, uri=launcher://notepad?url=https://raw.githubusercontent.com/golang/go/master/README.md, debug=true
2025/02/18 10:59:44 main.go:85: Handling URI: launcher://notepad?url=https://raw.githubusercontent.com/golang/go/master/README.md
2025/02/18 10:59:44 main.go:107: Parsing URI: launcher://notepad?url=https://raw.githubusercontent.com/golang/go/master/README.md
2025/02/18 10:59:44 main.go:119: Application: notepad, URL: https://raw.githubusercontent.com/golang/go/master/README.md
2025/02/18 10:59:44 main.go:126: Downloading file...
2025/02/18 10:59:44 main.go:131: File downloaded to: C:\Users\ASUS\AppData\Local\Temp\launcher-1741469460.md
2025/02/18 10:59:44 main.go:139: Launching application: notepad
2025/02/18 10:59:44 main.go:134: Cleaning up temporary file: C:\Users\ASUS\AppData\Local\Temp\launcher-1741469460.md
2025/02/18 10:59:44 main.go:94: URI handled successfully!
2025/02/18 11:02:16 main.go:61: Starting launcher application...
2025/02/18 11:02:16 main.go:70: Command line arguments: install=false, uninstall=false, uri=launcher://notepad?url=https://raw.githubusercontent.com/golang/go/master/README.md, debug=true
2025/02/18 11:02:16 main.go:85: Handling URI: launcher://notepad?url=https://raw.githubusercontent.com/golang/go/master/README.md
2025/02/18 11:02:16 main.go:107: Parsing URI: launcher://notepad?url=https://raw.githubusercontent.com/golang/go/master/README.md
2025/02/18 11:02:16 main.go:117: Application: notepad, URL: https://raw.githubusercontent.com/golang/go/master/README.md
2025/02/18 11:02:16 main.go:123: Downloading file...
2025/02/18 11:02:17 main.go:128: File downloaded to: C:\Users\ASUS\AppData\Local\Temp\launcher-2237957389.md
2025/02/18 11:02:17 main.go:131: Launching application: notepad
2025/02/18 11:02:20 main.go:135: Cleaning up temporary file: C:\Users\ASUS\AppData\Local\Temp\launcher-2237957389.md
2025/02/18 11:02:20 main.go:94: URI handled successfully!
2025/02/18 11:04:37 main.go:61: Starting launcher application...
2025/02/18 11:04:37 main.go:70: Command line arguments: install=true, uninstall=false, uri=, debug=false
2025/02/18 11:04:37 main.go:73: Installing URI handler...
2025/02/18 11:04:38 main.go:77: URI handler installed successfully!
2025/02/18 11:05:14 main.go:61: Starting launcher application...
2025/02/18 11:05:14 main.go:70: Command line arguments: install=false, uninstall=false, uri=launcher://notepad?url=https://raw.githubusercontent.com/golang/go/master/README.md, debug=true
2025/02/18 11:05:14 main.go:85: Handling URI: launcher://notepad?url=https://raw.githubusercontent.com/golang/go/master/README.md
2025/02/18 11:05:14 main.go:107: Parsing URI: launcher://notepad?url=https://raw.githubusercontent.com/golang/go/master/README.md
2025/02/18 11:05:14 main.go:117: Application: notepad, URL: https://raw.githubusercontent.com/golang/go/master/README.md
2025/02/18 11:05:14 main.go:123: Downloading file...
2025/02/18 11:05:14 main.go:128: File downloaded to: C:\Users\ASUS\AppData\Local\Temp\launcher-1191206987.md
2025/02/18 11:05:14 main.go:131: Launching application: notepad
2025/02/18 11:06:02 main.go:135: Cleaning up temporary file: C:\Users\ASUS\AppData\Local\Temp\launcher-1191206987.md
2025/02/18 11:06:02 main.go:94: URI handled successfully!
